
--- Found gym_requests in project_80af1e61fc8f416c ---
TOTAL ROWS: 1
[
  {
    "id": "57205eac-02e5-4687-9985-869ab2ad6cb8",
    "gym_name": "sumith",
    "owner_name": "Sumith",
    "email": "gymtracklite@gmail.com",
    "phone": "+918310870493",
    "city": "Bengaluru",
    "status": "approved",
    "created_at": "2026-03-07T06:30:16.391Z"
  }
]
