.next/types/app/api/projects/[projectId]/analytics/stream/route.ts(49,7): error TS2344: Type '{ __tag__: "GET"; __param_position__: "second"; __param_type__: { params: { projectId: string; }; }; }' does not satisfy the constraint 'ParamCheck<RouteContext>'.
  The types of '__param_type__.params' are incompatible between these types.
    Type '{ projectId: string; }' is missing the following properties from type 'Promise<any>': then, catch, finally, [Symbol.toStringTag]
.next/types/app/api/scraper/route.ts(2,24): error TS2307: Cannot find module '../../../../../src/app/api/scraper/route.js' or its corresponding type declarations.
.next/types/app/api/scraper/route.ts(5,29): error TS2307: Cannot find module '../../../../../src/app/api/scraper/route.js' or its corresponding type declarations.
.next/types/validator.ts(261,31): error TS2344: Type 'typeof import("C:/Users/sumit/Downloads/Flux-ServerBased-main/Flux-ServerBased-main/Flux-ServerBased-main/src/app/api/projects/[projectId]/analytics/stream/route")' does not satisfy the constraint 'RouteHandlerConfig<"/api/projects/[projectId]/analytics/stream">'.
  Types of property 'GET' are incompatible.
    Type '(req: Request, { params }: { params: { projectId: string; }; }) => Promise<Response>' is not assignable to type '(request: NextRequest, context: { params: Promise<{ projectId: string; }>; }) => void | Response | Promise<void | Response>'.
      Types of parameters '__1' and 'context' are incompatible.
        Type '{ params: Promise<{ projectId: string; }>; }' is not assignable to type '{ params: { projectId: string; }; }'.
          Types of property 'params' are incompatible.
            Property 'projectId' is missing in type 'Promise<{ projectId: string; }>' but required in type '{ projectId: string; }'.
src/app/api/snapshots/route.ts(3,10): error TS2305: Module '"@/lib/aws-rds"' has no exported member 'createDatabaseSnapshot'.
src/app/api/snapshots/route.ts(3,34): error TS2305: Module '"@/lib/aws-rds"' has no exported member 'listDatabaseSnapshots'.
src/hooks/use-project-history.ts(26,32): error TS2345: Argument of type '{ requests: any[] | { val: any; }[]; apiCalls: any[] | { val: any; }[]; daily: { today: number; }; monthly: {}; yearly: {}; } | { requests: any[] | { val: any; }[]; apiCalls: any[] | { val: any; }[]; daily: { today?: undefined; }; monthly: {}; yearly: {}; }' is not assignable to parameter of type 'SetStateAction<ProjectHistory>'.
  Type '{ requests: any[] | { val: any; }[]; apiCalls: any[] | { val: any; }[]; daily: { today?: undefined; }; monthly: {}; yearly: {}; }' is not assignable to type 'SetStateAction<ProjectHistory>'.
    Type '{ requests: any[] | { val: any; }[]; apiCalls: any[] | { val: any; }[]; daily: { today?: undefined; }; monthly: {}; yearly: {}; }' is not assignable to type 'ProjectHistory'.
      Types of property 'daily' are incompatible.
        Type '{ today?: undefined; }' is not assignable to type 'Record<string, number>'.
          Property ''today'' is incompatible with index signature.
            Type 'undefined' is not assignable to type 'number'.
