.next/types/app/api/debug-find-project/route.ts(2,24): error TS2307: Cannot find module '../../../../../src/app/api/debug-find-project/route.js' or its corresponding type declarations.
.next/types/app/api/debug-find-project/route.ts(5,29): error TS2307: Cannot find module '../../../../../src/app/api/debug-find-project/route.js' or its corresponding type declarations.
.next/types/app/api/debug-keys/route.ts(2,24): error TS2307: Cannot find module '../../../../../src/app/api/debug-keys/route.js' or its corresponding type declarations.
.next/types/app/api/debug-keys/route.ts(5,29): error TS2307: Cannot find module '../../../../../src/app/api/debug-keys/route.js' or its corresponding type declarations.
.next/types/app/api/debug-list-keys/route.ts(2,24): error TS2307: Cannot find module '../../../../../src/app/api/debug-list-keys/route.js' or its corresponding type declarations.
.next/types/app/api/debug-list-keys/route.ts(5,29): error TS2307: Cannot find module '../../../../../src/app/api/debug-list-keys/route.js' or its corresponding type declarations.
.next/types/app/api/import-csv/route.ts(2,24): error TS2307: Cannot find module '../../../../../src/app/api/import-csv/route.js' or its corresponding type declarations.
.next/types/app/api/import-csv/route.ts(5,29): error TS2307: Cannot find module '../../../../../src/app/api/import-csv/route.js' or its corresponding type declarations.
src/app/(app)/api/page.tsx(472,18): error TS2552: Cannot find name 'Select'. Did you mean 'onselect'?
src/app/(app)/api/page.tsx(473,22): error TS2304: Cannot find name 'SelectTrigger'.
src/app/(app)/api/page.tsx(474,26): error TS2304: Cannot find name 'SelectValue'.
src/app/(app)/api/page.tsx(475,23): error TS2304: Cannot find name 'SelectTrigger'.
src/app/(app)/api/page.tsx(476,22): error TS2304: Cannot find name 'SelectContent'.
src/app/(app)/api/page.tsx(478,30): error TS2304: Cannot find name 'SelectItem'.
src/app/(app)/api/page.tsx(478,67): error TS2304: Cannot find name 'SelectItem'.
src/app/(app)/api/page.tsx(480,23): error TS2304: Cannot find name 'SelectContent'.
src/app/(app)/api/page.tsx(481,19): error TS2552: Cannot find name 'Select'. Did you mean 'onselect'?
src/app/(app)/storage/page.tsx(71,45): error TS2339: Property 'get' does not exist on type 'Promise<ReadonlyRequestCookies>'.
src/app/actions.ts(33,11): error TS2554: Expected 3 arguments, but got 1.
src/components/add-constraint-dialog.tsx(102,34): error TS2339: Property 'constraint' does not exist on type '{ success: boolean; error?: undefined; }'.
src/components/add-constraint-dialog.tsx(108,32): error TS2339: Property 'constraint' does not exist on type '{ success: boolean; error?: undefined; }'.
src/components/add-row-dialog.tsx(106,57): error TS2367: This comparison appears to be unintentional because the types '"number" | "boolean" | "INT" | "VARCHAR" | "BOOLEAN" | "DATE" | "TIMESTAMP" | "FLOAT" | "TEXT" | "int" | "varchar" | "date" | "float" | "text" | "gen_random_uuid()" | "now_date()" | "now_time()"' and '"timestamptz"' have no overlap.
src/hooks/use-selected-project.tsx(6,10): error TS2305: Module '"@/app/actions"' has no exported member 'selectProjectAction'.
